// Jest Snapshot v1, https://goo.gl/fbAQLP

exports[`renders learn react link 1`] = `
<body>
  <div>
    <div
      class="App__Container-lafx7x-0 hdUGJu"
    >
      <h1
        class="sc-dlnjwi App___StyledHeading-lafx7x-19 fkyCBH MoiFG"
      >
        Intl.DateTimeFormat Tester
      </h1>
      <div
        class="App__Layout-lafx7x-1 diNXIo"
      >
        <form
          class="App__Form-lafx7x-2 iwzUug"
        >
          <section
            class="App__DateSection-lafx7x-12 dOfokE"
          >
            <h2
              class="App__SectionHeading-lafx7x-6 App___StyledSectionHeading-lafx7x-9 jCmQWT iHOLJN"
            >
              Date
            </h2>
            <fieldset
              class="App___StyledFieldset-lafx7x-20 iOcXRf"
            >
              <p>
                <input
                  class="App__RadioButton-lafx7x-13 jyAQVG"
                  id="mode__default"
                  name="mode"
                  type="radio"
                  value="default"
                />
                <label
                  for="mode__default"
                >
                  Time
                </label>
              </p>
              <p>
                <input
                  class="App__RadioButton-lafx7x-13 jyAQVG"
                  id="mode__range"
                  name="mode"
                  type="radio"
                  value="range"
                />
                <label
                  for="mode__range"
                >
                  Range
                </label>
              </p>
            </fieldset>
            <div
              class="App___StyledDiv-lafx7x-21 dhgZsq"
            >
              <div
                class="App__DateTimeRow-lafx7x-11 doEaNG"
              >
                <label
                  class="App__Label-lafx7x-3 App___StyledLabel-lafx7x-5 cwZUcA dESijh"
                  for="date"
                >
                  Date
                </label>
                <input
                  aria-label="Date"
                  class="sc-hKFxyN App__DateTimeInput-lafx7x-17 HmHZy fcYHaI"
                  id="date"
                  name="date"
                  type="date"
                />
                <input
                  aria-label="Time"
                  class="sc-hKFxyN App__DateTimeInput-lafx7x-17 HmHZy fcYHaI"
                  id="time"
                  name="time"
                  step="1"
                  type="time"
                />
              </div>
            </div>
          </section>
          <section
            class="App__FormatOptions-lafx7x-14 geRFAN"
          >
            <header
              class="App___StyledHeader-lafx7x-22 bLVNmM"
            >
              <h2
                class="App__SectionHeading-lafx7x-6 App___StyledSectionHeading2-lafx7x-8 jCmQWT dGRwHr"
              >
                Format Options
                <div
                  class="App___StyledDiv2-lafx7x-23 hJhgYg"
                >
                  Learn more about these options at
                   
                  <a
                    class="sc-eCApnc cWuYZe"
                    href="https://developer.mozilla.org/en-US/docs/Web/JavaScript/Reference/Global_Objects/Intl/DateTimeFormat/DateTimeFormat#parameters"
                  >
                    MDN Web Docs
                  </a>
                  .
                </div>
              </h2>
              <div
                class="App___StyledDiv3-lafx7x-24 jfjmLJ"
              >
                <button
                  class="sc-jSFjdj cAWzbM"
                  type="button"
                >
                  Clear all selections
                </button>
                <button
                  class="sc-jSFjdj CopyButton___StyledButton-xj18oy-1 cAWzbM jNRJQc"
                  type="button"
                >
                  Copy as JSON
                </button>
              </div>
            </header>
            <div
              class="App__FormRow-lafx7x-10 OpAqT"
            >
              <label
                class="App__Label-lafx7x-3 cwZUcA"
                for="dateStyle"
              >
                dateStyle
              </label>
              <select
                class="sc-gtsrHT App__OptionSelect-lafx7x-18 cUrDyN jMoJwl"
                id="dateStyle"
                name="dateStyle"
              >
                <option
                  value=""
                >
                  -
                </option>
                <option
                  value="full"
                >
                  full
                </option>
                <option
                  value="long"
                >
                  long
                </option>
                <option
                  value="medium"
                >
                  medium
                </option>
                <option
                  value="short"
                >
                  short
                </option>
              </select>
            </div>
            <div
              class="App__FormRow-lafx7x-10 OpAqT"
            >
              <label
                class="App__Label-lafx7x-3 cwZUcA"
                for="timeStyle"
              >
                timeStyle
              </label>
              <select
                class="sc-gtsrHT App__OptionSelect-lafx7x-18 cUrDyN jMoJwl"
                id="timeStyle"
                name="timeStyle"
              >
                <option
                  value=""
                >
                  -
                </option>
                <option
                  value="full"
                >
                  full
                </option>
                <option
                  value="long"
                >
                  long
                </option>
                <option
                  value="medium"
                >
                  medium
                </option>
                <option
                  value="short"
                >
                  short
                </option>
              </select>
            </div>
            <div
              class="App__FormRow-lafx7x-10 OpAqT"
            >
              <label
                class="App__Label-lafx7x-3 cwZUcA"
                for="timeZoneName"
              >
                timeZoneName
              </label>
              <select
                class="sc-gtsrHT App__OptionSelect-lafx7x-18 cUrDyN jMoJwl"
                id="timeZoneName"
                name="timeZoneName"
              >
                <option
                  value=""
                >
                  -
                </option>
                <option
                  value="long"
                >
                  long
                </option>
                <option
                  value="short"
                >
                  short
                </option>
              </select>
            </div>
            <div
              class="App__FormRow-lafx7x-10 OpAqT"
            >
              <label
                class="App__Label-lafx7x-3 cwZUcA"
                for="timeZone"
              >
                timeZone
              </label>
              <input
                class="sc-hKFxyN HmHZy"
                id="timeZone"
                name="timeZone"
                type="text"
              />
            </div>
            <div
              class="App__FormRow-lafx7x-10 OpAqT"
            >
              <label
                class="App__Label-lafx7x-3 cwZUcA"
                for="dayPeriod"
              >
                dayPeriod
              </label>
              <select
                class="sc-gtsrHT App__OptionSelect-lafx7x-18 cUrDyN jMoJwl"
                id="dayPeriod"
                name="dayPeriod"
              >
                <option
                  value=""
                >
                  -
                </option>
                <option
                  value="long"
                >
                  long
                </option>
                <option
                  value="short"
                >
                  short
                </option>
                <option
                  value="narrow"
                >
                  narrow
                </option>
              </select>
            </div>
            <div
              class="App__FormRow-lafx7x-10 OpAqT"
            >
              <label
                class="App__Label-lafx7x-3 cwZUcA"
                for="hour12"
              >
                hour12
              </label>
              <select
                class="sc-gtsrHT App__OptionSelect-lafx7x-18 cUrDyN jMoJwl"
                id="hour12"
                name="hour12"
              >
                <option
                  value=""
                >
                  -
                </option>
                <option
                  value="true"
                >
                  true
                </option>
                <option
                  value="false"
                >
                  false
                </option>
              </select>
            </div>
            <div
              class="App__FormRow-lafx7x-10 OpAqT"
            >
              <label
                class="App__Label-lafx7x-3 cwZUcA"
                for="hourCycle"
              >
                hourCycle
              </label>
              <select
                class="sc-gtsrHT App__OptionSelect-lafx7x-18 cUrDyN jMoJwl"
                id="hourCycle"
                name="hourCycle"
              >
                <option
                  value=""
                >
                  -
                </option>
                <option
                  value="h11"
                >
                  h11
                </option>
                <option
                  value="h12"
                >
                  h12
                </option>
                <option
                  value="h23"
                >
                  h23
                </option>
                <option
                  value="h24"
                >
                  h24
                </option>
              </select>
            </div>
            <div
              class="App__FormRow-lafx7x-10 OpAqT"
            >
              <label
                class="App__Label-lafx7x-3 cwZUcA"
                for="weekday"
              >
                weekday
              </label>
              <select
                class="sc-gtsrHT App__OptionSelect-lafx7x-18 cUrDyN jMoJwl"
                id="weekday"
                name="weekday"
              >
                <option
                  value=""
                >
                  -
                </option>
                <option
                  value="long"
                >
                  long
                </option>
                <option
                  value="short"
                >
                  short
                </option>
                <option
                  value="narrow"
                >
                  narrow
                </option>
              </select>
            </div>
            <div
              class="App__FormRow-lafx7x-10 OpAqT"
            >
              <label
                class="App__Label-lafx7x-3 cwZUcA"
                for="year"
              >
                year
              </label>
              <select
                class="sc-gtsrHT App__OptionSelect-lafx7x-18 cUrDyN jMoJwl"
                id="year"
                name="year"
              >
                <option
                  value=""
                >
                  -
                </option>
                <option
                  value="numeric"
                >
                  numeric
                </option>
                <option
                  value="2-digit"
                >
                  2-digit
                </option>
              </select>
            </div>
            <div
              class="App__FormRow-lafx7x-10 OpAqT"
            >
              <label
                class="App__Label-lafx7x-3 cwZUcA"
                for="month"
              >
                month
              </label>
              <select
                class="sc-gtsrHT App__OptionSelect-lafx7x-18 cUrDyN jMoJwl"
                id="month"
                name="month"
              >
                <option
                  value=""
                >
                  -
                </option>
                <option
                  value="numeric"
                >
                  numeric
                </option>
                <option
                  value="2-digit"
                >
                  2-digit
                </option>
                <option
                  value="long"
                >
                  long
                </option>
                <option
                  value="short"
                >
                  short
                </option>
                <option
                  value="narrow"
                >
                  narrow
                </option>
              </select>
            </div>
            <div
              class="App__FormRow-lafx7x-10 OpAqT"
            >
              <label
                class="App__Label-lafx7x-3 cwZUcA"
                for="day"
              >
                day
              </label>
              <select
                class="sc-gtsrHT App__OptionSelect-lafx7x-18 cUrDyN jMoJwl"
                id="day"
                name="day"
              >
                <option
                  value=""
                >
                  -
                </option>
                <option
                  value="numeric"
                >
                  numeric
                </option>
                <option
                  value="2-digit"
                >
                  2-digit
                </option>
              </select>
            </div>
            <div
              class="App__FormRow-lafx7x-10 OpAqT"
            >
              <label
                class="App__Label-lafx7x-3 cwZUcA"
                for="hour"
              >
                hour
              </label>
              <select
                class="sc-gtsrHT App__OptionSelect-lafx7x-18 cUrDyN jMoJwl"
                id="hour"
                name="hour"
              >
                <option
                  value=""
                >
                  -
                </option>
                <option
                  value="numeric"
                >
                  numeric
                </option>
                <option
                  value="2-digit"
                >
                  2-digit
                </option>
              </select>
            </div>
            <div
              class="App__FormRow-lafx7x-10 OpAqT"
            >
              <label
                class="App__Label-lafx7x-3 cwZUcA"
                for="minute"
              >
                minute
              </label>
              <select
                class="sc-gtsrHT App__OptionSelect-lafx7x-18 cUrDyN jMoJwl"
                id="minute"
                name="minute"
              >
                <option
                  value=""
                >
                  -
                </option>
                <option
                  value="numeric"
                >
                  numeric
                </option>
                <option
                  value="2-digit"
                >
                  2-digit
                </option>
              </select>
            </div>
            <div
              class="App__FormRow-lafx7x-10 OpAqT"
            >
              <label
                class="App__Label-lafx7x-3 cwZUcA"
                for="second"
              >
                second
              </label>
              <select
                class="sc-gtsrHT App__OptionSelect-lafx7x-18 cUrDyN jMoJwl"
                id="second"
                name="second"
              >
                <option
                  value=""
                >
                  -
                </option>
                <option
                  value="numeric"
                >
                  numeric
                </option>
                <option
                  value="2-digit"
                >
                  2-digit
                </option>
              </select>
            </div>
          </section>
        </form>
        <section
          class="App__Results-lafx7x-16 hdaOxO"
        >
          <h2
            class="App__SectionHeading-lafx7x-6 App___StyledSectionHeading3-lafx7x-7 jCmQWT cuTrMe"
          >
            Results
          </h2>
          <div
            class="Result___StyledDiv-sc-1o5ucy3-0 jUKBLF"
          >
            <dd
              class="sc-bdnxRM Result___StyledCard-sc-1o5ucy3-1 cqTFgQ jdYOMV"
            >
              <h3
                class="Result___StyledH-sc-1o5ucy3-2 jDEuIj"
              >
                en-US
              </h3>
              <div>
                5/6/2021
              </div>
            </dd>
            <dd
              class="sc-bdnxRM Result___StyledCard-sc-1o5ucy3-1 cqTFgQ jdYOMV"
            >
              <h3
                class="Result___StyledH-sc-1o5ucy3-2 jDEuIj"
              >
                ko-KR
              </h3>
              <div>
                2021. 5. 6.
              </div>
            </dd>
          </div>
        </section>
      </div>
    </div>
  </div>
</body>
`;
